// Jest Snapshot v1, https://goo.gl/fbAQLP

exports[`Event component renders Event 1`] = `
<DocumentFragment>
  <h3>
    2022
  </h3>
  <p>
    Best event
  </p>
</DocumentFragment>
`;
